// Jest Snapshot v1, https://goo.gl/fbAQLP

exports[`parseEnumCode should spec 2`] = `
"export const enum RoleType {
  /**
   * 开发者
   */
  DEVELOPER = 1,
  /**
   * 管理xx
   */
  ADMIN = 0xee,
  /**
   * 用户
   */
  USER = 0b1,
  /**
   * 用户
   */
  USER_X = 's',
}"
`;
